// Jest Snapshot v1, https://goo.gl/fbAQLP

exports[`Control tests should render 1`] = `
<DocumentFragment>
  <button
    class="inline-flex items-center justify-center gap-2 whitespace-nowrap text-sm font-medium transition-colors focus-visible:outline-none focus-visible:ring-1 focus-visible:ring-neutral-950 disabled:pointer-events-none disabled:opacity-50 [&_svg]:pointer-events-none [&_svg]:size-4 [&_svg]:shrink-0 dark:focus-visible:ring-neutral-300 bg-neutral-900 text-neutral-50 shadow hover:bg-neutral-900/90 dark:bg-neutral-50 dark:text-neutral-900 dark:hover:bg-neutral-50/90 px-4 py-2 className rounded-full w-[3rem] h-[3rem]"
  >
    1
  </button>
</DocumentFragment>
`;
