// Jest Snapshot v1, https://goo.gl/fbAQLP

exports[`Coin tests should render 1`] = `
<DocumentFragment>
  <div
    class="flex items-center bg-gray-500 border-black text-white rounded-full justify-center border w-[3rem] h-[3rem] className"
    style="transform: perspective(500px) rotateX(50deg);"
  >
    1
  </div>
</DocumentFragment>
`;
