// Jest Snapshot v1, https://goo.gl/fbAQLP

exports[`Header tests should render 1`] = `
<DocumentFragment>
  <header
    class="bg-white shadow-md"
  >
    <div
      class="p-4 undefined mx-auto w-full max-w-[1240]"
    >
      <div
        class="text-2xl font-bold text-gray-800"
      >
        Vending Machine
      </div>
    </div>
  </header>
</DocumentFragment>
`;
