// Jest Snapshot v1, https://goo.gl/fbAQLP

exports[`NumberPad tests should render 1`] = `
<DocumentFragment>
  <div
    class="grid grid-cols-3 gap-2 mb-3"
  >
    <button
      class="inline-flex items-center justify-center gap-2 whitespace-nowrap text-sm font-medium transition-colors focus-visible:outline-none focus-visible:ring-1 focus-visible:ring-neutral-950 disabled:pointer-events-none disabled:opacity-50 [&_svg]:pointer-events-none [&_svg]:size-4 [&_svg]:shrink-0 dark:focus-visible:ring-neutral-300 border border-neutral-200 bg-white shadow-sm hover:bg-neutral-100 hover:text-neutral-900 dark:border-neutral-800 dark:bg-neutral-950 dark:hover:bg-neutral-800 dark:hover:text-neutral-50 px-4 py-2 undefined rounded-full w-[3rem] h-[3rem]"
    >
      1
    </button>
    <button
      class="inline-flex items-center justify-center gap-2 whitespace-nowrap text-sm font-medium transition-colors focus-visible:outline-none focus-visible:ring-1 focus-visible:ring-neutral-950 disabled:pointer-events-none disabled:opacity-50 [&_svg]:pointer-events-none [&_svg]:size-4 [&_svg]:shrink-0 dark:focus-visible:ring-neutral-300 border border-neutral-200 bg-white shadow-sm hover:bg-neutral-100 hover:text-neutral-900 dark:border-neutral-800 dark:bg-neutral-950 dark:hover:bg-neutral-800 dark:hover:text-neutral-50 px-4 py-2 undefined rounded-full w-[3rem] h-[3rem]"
    >
      2
    </button>
    <button
      class="inline-flex items-center justify-center gap-2 whitespace-nowrap text-sm font-medium transition-colors focus-visible:outline-none focus-visible:ring-1 focus-visible:ring-neutral-950 disabled:pointer-events-none disabled:opacity-50 [&_svg]:pointer-events-none [&_svg]:size-4 [&_svg]:shrink-0 dark:focus-visible:ring-neutral-300 border border-neutral-200 bg-white shadow-sm hover:bg-neutral-100 hover:text-neutral-900 dark:border-neutral-800 dark:bg-neutral-950 dark:hover:bg-neutral-800 dark:hover:text-neutral-50 px-4 py-2 undefined rounded-full w-[3rem] h-[3rem]"
    >
      3
    </button>
    <button
      class="inline-flex items-center justify-center gap-2 whitespace-nowrap text-sm font-medium transition-colors focus-visible:outline-none focus-visible:ring-1 focus-visible:ring-neutral-950 disabled:pointer-events-none disabled:opacity-50 [&_svg]:pointer-events-none [&_svg]:size-4 [&_svg]:shrink-0 dark:focus-visible:ring-neutral-300 border border-neutral-200 bg-white shadow-sm hover:bg-neutral-100 hover:text-neutral-900 dark:border-neutral-800 dark:bg-neutral-950 dark:hover:bg-neutral-800 dark:hover:text-neutral-50 px-4 py-2 undefined rounded-full w-[3rem] h-[3rem]"
    >
      4
    </button>
    <button
      class="inline-flex items-center justify-center gap-2 whitespace-nowrap text-sm font-medium transition-colors focus-visible:outline-none focus-visible:ring-1 focus-visible:ring-neutral-950 disabled:pointer-events-none disabled:opacity-50 [&_svg]:pointer-events-none [&_svg]:size-4 [&_svg]:shrink-0 dark:focus-visible:ring-neutral-300 border border-neutral-200 bg-white shadow-sm hover:bg-neutral-100 hover:text-neutral-900 dark:border-neutral-800 dark:bg-neutral-950 dark:hover:bg-neutral-800 dark:hover:text-neutral-50 px-4 py-2 undefined rounded-full w-[3rem] h-[3rem]"
    >
      5
    </button>
    <button
      class="inline-flex items-center justify-center gap-2 whitespace-nowrap text-sm font-medium transition-colors focus-visible:outline-none focus-visible:ring-1 focus-visible:ring-neutral-950 disabled:pointer-events-none disabled:opacity-50 [&_svg]:pointer-events-none [&_svg]:size-4 [&_svg]:shrink-0 dark:focus-visible:ring-neutral-300 border border-neutral-200 bg-white shadow-sm hover:bg-neutral-100 hover:text-neutral-900 dark:border-neutral-800 dark:bg-neutral-950 dark:hover:bg-neutral-800 dark:hover:text-neutral-50 px-4 py-2 undefined rounded-full w-[3rem] h-[3rem]"
    >
      6
    </button>
    <button
      class="inline-flex items-center justify-center gap-2 whitespace-nowrap text-sm font-medium transition-colors focus-visible:outline-none focus-visible:ring-1 focus-visible:ring-neutral-950 disabled:pointer-events-none disabled:opacity-50 [&_svg]:pointer-events-none [&_svg]:size-4 [&_svg]:shrink-0 dark:focus-visible:ring-neutral-300 border border-neutral-200 bg-white shadow-sm hover:bg-neutral-100 hover:text-neutral-900 dark:border-neutral-800 dark:bg-neutral-950 dark:hover:bg-neutral-800 dark:hover:text-neutral-50 px-4 py-2 undefined rounded-full w-[3rem] h-[3rem]"
    >
      7
    </button>
    <button
      class="inline-flex items-center justify-center gap-2 whitespace-nowrap text-sm font-medium transition-colors focus-visible:outline-none focus-visible:ring-1 focus-visible:ring-neutral-950 disabled:pointer-events-none disabled:opacity-50 [&_svg]:pointer-events-none [&_svg]:size-4 [&_svg]:shrink-0 dark:focus-visible:ring-neutral-300 border border-neutral-200 bg-white shadow-sm hover:bg-neutral-100 hover:text-neutral-900 dark:border-neutral-800 dark:bg-neutral-950 dark:hover:bg-neutral-800 dark:hover:text-neutral-50 px-4 py-2 undefined rounded-full w-[3rem] h-[3rem]"
    >
      8
    </button>
    <button
      class="inline-flex items-center justify-center gap-2 whitespace-nowrap text-sm font-medium transition-colors focus-visible:outline-none focus-visible:ring-1 focus-visible:ring-neutral-950 disabled:pointer-events-none disabled:opacity-50 [&_svg]:pointer-events-none [&_svg]:size-4 [&_svg]:shrink-0 dark:focus-visible:ring-neutral-300 border border-neutral-200 bg-white shadow-sm hover:bg-neutral-100 hover:text-neutral-900 dark:border-neutral-800 dark:bg-neutral-950 dark:hover:bg-neutral-800 dark:hover:text-neutral-50 px-4 py-2 undefined rounded-full w-[3rem] h-[3rem]"
    >
      9
    </button>
    <span
      data-state="closed"
    >
      <button
        class="inline-flex items-center justify-center gap-2 whitespace-nowrap text-sm font-medium transition-colors focus-visible:outline-none focus-visible:ring-1 focus-visible:ring-neutral-950 disabled:pointer-events-none disabled:opacity-50 [&_svg]:pointer-events-none [&_svg]:size-4 [&_svg]:shrink-0 dark:focus-visible:ring-neutral-300 bg-red-500 text-neutral-50 shadow-sm hover:bg-red-500/90 dark:bg-red-900 dark:text-neutral-50 dark:hover:bg-red-900/90 px-4 py-2 undefined rounded-full w-[3rem] h-[3rem]"
      >
        <div />
      </button>
    </span>
    <button
      class="inline-flex items-center justify-center gap-2 whitespace-nowrap text-sm font-medium transition-colors focus-visible:outline-none focus-visible:ring-1 focus-visible:ring-neutral-950 disabled:pointer-events-none disabled:opacity-50 [&_svg]:pointer-events-none [&_svg]:size-4 [&_svg]:shrink-0 dark:focus-visible:ring-neutral-300 border border-neutral-200 bg-white shadow-sm hover:bg-neutral-100 hover:text-neutral-900 dark:border-neutral-800 dark:bg-neutral-950 dark:hover:bg-neutral-800 dark:hover:text-neutral-50 px-4 py-2 undefined rounded-full w-[3rem] h-[3rem]"
    >
      0
    </button>
    <span
      data-state="closed"
    >
      <button
        class="inline-flex items-center justify-center gap-2 whitespace-nowrap text-sm font-medium transition-colors focus-visible:outline-none focus-visible:ring-1 focus-visible:ring-neutral-950 disabled:pointer-events-none disabled:opacity-50 [&_svg]:pointer-events-none [&_svg]:size-4 [&_svg]:shrink-0 dark:focus-visible:ring-neutral-300 bg-neutral-900 text-neutral-50 shadow hover:bg-neutral-900/90 dark:bg-neutral-50 dark:text-neutral-900 dark:hover:bg-neutral-50/90 px-4 py-2 undefined rounded-full w-[3rem] h-[3rem]"
      >
        <div />
      </button>
    </span>
  </div>
  <button
    aria-label="purchase specified product"
    class="inline-flex items-center justify-center gap-2 whitespace-nowrap rounded-md text-sm font-medium transition-colors focus-visible:outline-none focus-visible:ring-1 focus-visible:ring-neutral-950 disabled:pointer-events-none disabled:opacity-50 [&_svg]:pointer-events-none [&_svg]:size-4 [&_svg]:shrink-0 dark:focus-visible:ring-neutral-300 bg-neutral-900 text-neutral-50 shadow hover:bg-neutral-900/90 dark:bg-neutral-50 dark:text-neutral-900 dark:hover:bg-neutral-50/90 h-9 px-4 py-2 w-full"
  >
    <div />
     Purchase
  </button>
</DocumentFragment>
`;
